// Jest Snapshot v1, https://goo.gl/fbAQLP

exports[`Google Analytics component test suite Snapshot render Tracking ID NOT set in global variable, should render empty 1`] = `""`;

exports[`Google Analytics component test suite Snapshot render Tracking ID set in global variable, should render script 1`] = `
<Fragment>
  <script
    async={true}
    src="https://www.googletagmanager.com/gtag/js?id=UA-1337-33"
  />
  <script>
    
window.dataLayer = window.dataLayer || [];
function gtag(){dataLayer.push(arguments);}
gtag('js', new Date());
gtag('config', 'UA-1337-33');
      
  </script>
</Fragment>
`;
