// Jest Snapshot v1, https://goo.gl/fbAQLP

exports[`Button component test suite Snapshot render, should render button 1`] = `
<button
  className="mdc-button first-class"
  disabled={false}
  onClick={[Function]}
  type="button"
>
  <i
    className="material-icons mdc-button__icon"
  >
    Andy Warhol
  </i>
  Black Label
</button>
`;
